<html>
<body>
<pre>
<h1>µVision Build Log</h1>
<h2>Tool Versions:</h2>
IDE-Version: ¦ÌVision V5.24.2.0
Copyright (C) 2017 ARM Ltd and ARM Germany GmbH. All rights reserved.
License Information: Eag LiuEagle, dw, LIC=RC93N-YZ1I4-UH28H-W0LIV-5DIAQ-AIK0J
 
Tool Versions:
Toolchain:       MDK-ARM Plus  Version: 5.24.1
Toolchain Path:  E:\keil5\ARM\ARMCC\Bin
C Compiler:      Armcc.exe V5.06 update 5 (build 528)
Assembler:       Armasm.exe V5.06 update 5 (build 528)
Linker/Locator:  ArmLink.exe V5.06 update 5 (build 528)
Library Manager: ArmAr.exe V5.06 update 5 (build 528)
Hex Converter:   FromElf.exe V5.06 update 5 (build 528)
CPU DLL:         SARMCM3.DLL V5.24.1
Dialog DLL:      DCM.DLL V1.16.0.0
Target DLL:      STLink\ST-LINKIII-KEIL_SWO.dll V3.0.1.0
Dialog DLL:      TCM.DLL V1.32.0.0
 
<h2>Project:</h2>
E:\Deskbook\Stm_Test1-main\Project.uvprojx
Project File Date:  06/28/2023

<h2>Output:</h2>
*** Using Compiler 'V5.06 update 5 (build 528)', folder: 'E:\keil5\ARM\ARMCC\Bin'
Build target 'Target 1'
compiling system_stm32f10x.c...
compiling stm32f10x_exti.c...
compiling stm32f10x_adc.c...
compiling stm32f10x_dac.c...
compiling misc.c...
compiling stm32f10x_can.c...
compiling stm32f10x_gpio.c...
compiling stm32f10x_fsmc.c...
compiling stm32f10x_flash.c...
compiling stm32f10x_dbgmcu.c...
compiling stm32f10x_cec.c...
compiling stm32f10x_bkp.c...
compiling stm32f10x_crc.c...
compiling stm32f10x_dma.c...
compiling stm32f10x_i2c.c...
compiling stm32f10x_iwdg.c...
compiling stm32f10x_pwr.c...
compiling stm32f10x_rtc.c...
compiling stm32f10x_rcc.c...
compiling stm32f10x_sdio.c...
compiling stm32f10x_spi.c...
compiling stm32f10x_usart.c...
compiling stm32f10x_tim.c...
compiling stm32f10x_wwdg.c...
compiling Delay.c...
compiling LED.c...
compiling Key.c...
compiling OLED.c...
compiling Serial.c...
compiling Servo.c...
compiling PWM.c...
Hardware\PWM.c(76): warning:  #1-D: last line of file ends without a newline
  }
Hardware\PWM.c: 1 warning, 0 errors
compiling Motor.c...
Hardware\Motor.c(110): warning:  #1-D: last line of file ends without a newline
  }*/
Hardware\Motor.c: 1 warning, 0 errors
compiling timer.c...
Hardware\timer.c(34): warning:  #1-D: last line of file ends without a newline
  }*/
Hardware\timer.c: 1 warning, 0 errors
compiling Buzzer.c...
Hardware\Buzzer.c(70): warning:  #1-D: last line of file ends without a newline
  }
Hardware\Buzzer.c: 1 warning, 0 errors
compiling LightSensor.c...
compiling main.c...
.\Hardware\Buzzer.h(8): warning:  #1295-D: Deprecated declaration Buzzer_Light - give arg types
  void Buzzer_Light();
.\Hardware\Buzzer.h(9): warning:  #1295-D: Deprecated declaration Buzzer_ON200 - give arg types
  void Buzzer_ON200();
.\Hardware\Process.h(6): warning:  #1295-D: Deprecated declaration TTMode - give arg types
  void TTMode();
.\Hardware\Process.h(7): warning:  #1295-D: Deprecated declaration ManualMode - give arg types
  void ManualMode();
.\Hardware\Process.h(12): warning:  #1-D: last line of file ends without a newline
  #endif
User\main.c(16): warning:  #1-D: last line of file ends without a newline
  }
User\main.c: 6 warnings, 0 errors
compiling Process.c...
Hardware\Buzzer.h(8): warning:  #1295-D: Deprecated declaration Buzzer_Light - give arg types
  void Buzzer_Light();
Hardware\Buzzer.h(9): warning:  #1295-D: Deprecated declaration Buzzer_ON200 - give arg types
  void Buzzer_ON200();
Hardware\Process.c: 2 warnings, 0 errors
compiling stm32f10x_it.c...
linking...
Program Size: Code=10898 RO-data=2070 RW-data=40 ZI-data=1128  
".\Objects\Project.axf" - 0 Error(s), 12 Warning(s).

<h2>Software Packages used:</h2>

Package Vendor: Keil
                http://www.keil.com/pack/Keil.STM32F1xx_DFP.2.2.0.pack
                Keil.STM32F1xx_DFP.2.2.0
                STMicroelectronics STM32F1 Series Device Support, Drivers and Examples

<h2>Collection of Component include folders:</h2>
  .\RTE\_Target_1
  E:\keil5\ARM\PACK\Keil\STM32F1xx_DFP\2.2.0\Device\Include

<h2>Collection of Component Files used:</h2>
Build Time Elapsed:  00:00:05
</pre>
</body>
</html>
